tcl code*****

set ns [new Simulator]
set nf [open lab5.nam w]
$ns namtrace-all $nf
set tf [open lab5.tr w]
$ns trace-all $tf
proc finish {} {
	global ns nf tf
	$ns flush-trace
	close $nf
	close $tf
	exec nam lab5.nam &
	exit 0
}
set n0 [$ns node]
set n1 [$ns node]
set n2 [$ns node]
set n3 [$ns node]
$ns make-lan "$n0 $n1 $n2 $n3" 10MB 100ms LL Queue/DropTail Mac/802_3
set tcp0 [new Agent/TCP]
$ns attach-agent $n0 $tcp0
set ftp0 [new Application/FTP]
$ftp0 attach-agent $tcp0
set tcp2 [new Agent/TCP]
$ns attach-agent $n2 $tcp2
set ftp2 [new Application/FTP]
$ftp2 attach-agent $tcp2
set sink1 [new Agent/TCPSink]
$ns attach-agent $n1 $sink1
set sink3 [new Agent/TCPSink]
$ns attach-agent $n3 $sink3
$ns connect $tcp0 $sink3
$ns connect $tcp2 $sink1
set file1 [open file1.tr w]
$tcp0 attach $file1
$tcp0 trace cwnd_
$tcp0 set maxcwd_ 10
set file2 [open file2.tr w]
$tcp2 attach $file2
$tcp2 trace cwnd_
$ns at 0.1 "$ftp0 start"
$ns at 1.5 "$ftp0 stop"
$ns at 2.0 "$ftp0 start"
$ns at 3.0 "$ftp0 stop"
$ns at 0.2 "$ftp2 start"
$ns at 2.0 "$ftp2 stop"
$ns at 2.5 "$ftp2 start"
$ns at 4.0 "$ftp2 stop"
$ns at 5.0 "finish"
$ns run


AWK CODE**********888


BEGIN {
#include<stdio.h>
}
{} {
if($6=="cwnd_")
	printf("%f\t%f\n",$1,$7);
}
END {
      puts "Done"
}





cs2016a101@cmruuser:~$ awk -f aish9.awk lab5.tr
cs2016a101@cmruuser:~$ awk -f aish9.awk file1.tr
0.000000	1.000000
0.500020	2.000000
0.900140	3.000000
0.900250	4.000000
1.300260	5.000000
1.300370	6.000000
1.300470	7.000000
1.300580	8.000000
1.700380	9.000000
1.700490	10.000000
1.700590	11.000000
1.700700	12.000000
1.700810	13.000000
1.700910	14.000000
1.701020	15.000000
1.701130	16.000000
2.400120	17.000000
2.400230	18.000000
2.400330	19.000000
2.400440	20.000000
2.400550	20.050000
2.400680	20.100000
2.400820	20.150000
2.400940	20.199000
2.401040	20.249000
2.401160	20.298000
2.401270	20.347000
2.401370	20.397000
2.401490	20.446000
2.401600	20.494000
2.401720	20.543000
2.401820	20.592000
2.800240	20.641000
2.800350	20.689000
2.800450	20.737000
2.800560	20.786000
2.800670	20.834000
2.800770	20.882000
2.800880	20.930000
2.800990	20.977000
2.801090	21.025000
2.801200	21.073000
2.801310	21.120000
2.801410	21.167000
2.801520	21.215000
2.801630	21.262000
2.801730	21.309000
2.801840	21.356000
2.801950	21.403000
2.802050	21.449000
2.802160	21.496000
2.802260	21.542000
3.200360	21.589000
3.200470	21.635000
3.200570	21.681000
3.200680	21.727000
3.200790	21.773000
3.200890	21.819000
3.201000	21.865000
3.201110	21.911000
3.201210	21.957000
3.201320	22.002000
3.201430	22.048000
3.201530	22.093000
3.201640	22.138000
3.201750	22.183000
3.201850	22.228000
3.201960	22.273000
3.202060	22.318000
3.202170	22.363000
3.202280	22.408000
3.202380	22.453000
3.752380	1.000000
cs2016a101@cmruuser:~$ awk -f aish9.awk file2.tr
0.000000	1.000000
0.600020	2.000000
1.000140	3.000000
1.000250	4.000000
1.400260	5.000000
1.400370	6.000000
1.400470	7.000000
1.400580	8.000000
1.800380	9.000000
1.800490	10.000000
1.800590	11.000000
1.800700	12.000000
1.800810	13.000000
1.800910	14.000000
1.801020	15.000000
1.801130	16.000000
2.202830	17.000000
2.202840	18.000000
2.202850	19.000000
2.202860	20.000000
2.202860	20.050000
2.202870	20.100000
2.202880	20.150000
2.202890	20.199000
2.202890	20.249000
2.202900	20.298000
2.202910	20.347000
2.202920	20.397000
2.202920	20.446000
2.202930	20.494000
2.202940	20.543000
2.202950	20.592000
2.900120	20.641000
2.900230	20.689000
2.900330	20.737000
2.900440	20.786000
2.900550	20.834000
2.900650	20.882000
2.900760	20.930000
2.900870	20.977000
2.900970	21.025000
2.901080	21.073000
2.901190	21.120000
2.901290	21.167000
2.901400	21.215000
2.901510	21.262000
2.901610	21.309000
2.901720	21.356000
2.901830	21.403000
2.901930	21.449000
2.902040	21.496000
2.902150	21.542000
3.300240	21.589000
3.300350	21.635000
3.300450	21.681000
3.300560	21.727000
3.300670	21.773000
3.300770	21.819000
3.300880	21.865000
3.300990	21.911000
3.301090	21.957000
3.301200	22.002000
3.301310	22.048000
3.301410	22.093000
3.301520	22.138000
3.301630	22.183000
3.301730	22.228000
3.301840	22.273000
3.301950	22.318000
3.302050	22.363000
3.302160	22.408000
3.302260	22.453000
3.700360	22.497000
3.700470	22.542000
3.700570	22.586000
3.700680	22.630000
3.700790	22.674000
3.700890	22.718000
3.701000	22.762000
3.701110	22.806000
3.701210	22.850000
3.701320	22.894000
3.701430	22.938000
3.701530	22.981000
3.701640	23.025000
3.701750	23.068000
3.701850	23.112000
3.701960	23.155000
3.702060	23.198000
3.702170	23.241000
3.702280	23.284000
3.702380	23.327000
4.100480	23.370000
4.100590	23.413000
4.100690	23.455000
4.100800	23.498000
4.100910	23.541000
4.101010	23.583000
4.101120	23.626000
4.101230	23.668000
4.101330	23.710000
4.101440	23.752000
4.101550	23.794000
4.101650	23.836000
4.101760	23.878000
4.101860	23.920000
4.101970	23.962000
4.102080	24.004000
4.102180	24.045000
4.102290	24.087000
4.102400	24.129000
4.102500	24.170000
4.592500	1.000000
cs2016a101@cmruuser:~$ Xgraph -x "time" -y "convalue" tcp0 tcp2

Command 'Xgraph' not found, did you mean:

  command 'dgraph' from snap dgraph (0.8.1)
  command 'graph' from deb plotutils
  command 'jgraph' from deb jgraph
  command 'ngraph' from deb ngraph-gtk

See 'snap info <snapname>' for additional versions.

cs2016a101@cmruuser:~$ awk -f aish9.awk lab5.tr file1.tr>tcp0
cs2016a101@cmruuser:~$ awk -f aish9.awk lab5.tr file2.tr>tcp2
cs2016a101@cmruuser:~$ Xgraph -x "time" -y "convalue" tcp0 tcp2

Command 'Xgraph' not found, did you mean:

  command 'dgraph' from snap dgraph (0.8.1)
  command 'graph' from deb plotutils
  command 'jgraph' from deb jgraph
  command 'ngraph' from deb ngraph-gtk

See 'snap info <snapname>' for additional versions.

cs2016a101@cmruuser:~$ xgraph -x "time" -y "convalue" tcp0 tcp2
Parameter LabelFont: can't translate `helvetica-10' into a font (defaulting to `fixed')
Parameter TitleFont: can't translate `helvetica-18' into a font (defaulting to `fixed')
^[[A^Xunknown event: 4
unknown event: 4

